Docker image has been built
